// Jest Snapshot v1, https://goo.gl/fbAQLP

exports[`E2E: Kotlin WMS API Tests should generate Kotlin WMS API files correctly: kotlin-wms-generated-files 1`] = `
Object {
  "config.ts": "",
  "hooks.ts": "",
  "hooksConfig.ts": "",
  "httpRequest.ts": "",
  "services.ts": "",
  "types.ts": "",
}
`;
